env: load .env
env: export EXPO_PUBLIC_STRIPE_PUBLISHABLE_KEY EXPO_PUBLIC_API_BASE_URL
Starting Metro Bundler
Web Bundled 794ms node_modules\expo-router\entry.js (705 modules)

ΓÇ║ Assets (17):
node_modules\@react-navigation\elements\lib\module\assets\back-icon-mask.0a328cd9c1afd0afe8e3b1ec5165b1b4.png (653 B)
node_modules\@react-navigation\elements\lib\module\assets\back-icon.35ba0eaec5a4f5ed12ca16fabeae451d.png (207 B)
node_modules\@react-navigation\elements\lib\module\assets\clear-icon.c94f6478e7ae0cdd9f15de1fcb9e5e55.png (4 variations | 425 B)
node_modules\@react-navigation\elements\lib\module\assets\close-icon.808e1b1b9b53114ec2838071a7e6daa7.png (4 variations | 235 B)
node_modules\@react-navigation\elements\lib\module\assets\search-icon.286d67d3f74808a60a78d3ebf1a5fb57.png (928 B)
node_modules\expo-router\assets\error.d1ea1496f9057eb392d5bbf3732a61b7.png (469 B)
node_modules\expo-router\assets\file.19eeb73b9593a38f8e9f418337fc7d10.png (138 B)
node_modules\expo-router\assets\forward.d8b800c443b8972542883e0b9de2bdc6.png (188 B)
node_modules\expo-router\assets\pkg.ab19f4cbc543357183a20571f68380a3.png (364 B)
node_modules\expo-router\assets\sitemap.412dd9275b6b48ad28f5e3d81bb1f626.png (465 B)
node_modules\expo-router\assets\unmatched.20e71bdf79e3a97bf55fd9e164041578.png (4.75 kB)

ΓÇ║ web bundles (1):
_expo/static/js/web/entry-b5ff3735166297418fd5568c1ba79ab2.js (1.12 MB)

ΓÇ║ Files (2):
index.html (1.18 kB)
metadata.json (49 B)

Exported: dist
